../Drivers/STM32L5xx_HAL_Driver/Inc/stm32l5xx_ll_bus.h:435:22:LL_AHB2_GRP1_EnableClock	24	static
../Drivers/STM32L5xx_HAL_Driver/Inc/stm32l5xx_ll_bus.h:916:22:LL_APB1_GRP2_EnableClock	24	static
../Core/Src/main.c:83:5:main	8	static
../Core/Src/main.c:139:6:SystemClock_Config	104	static
../Core/Src/main.c:198:13:MX_ADC1_Init	48	static
../Core/Src/main.c:265:13:MX_FDCAN1_Init	8	static
../Core/Src/main.c:308:13:MX_ICACHE_Init	8	static
../Core/Src/main.c:340:13:MX_LPUART1_UART_Init	8	static
../Core/Src/main.c:388:13:MX_USART3_UART_Init	8	static
../Core/Src/main.c:436:13:MX_RTC_Init	32	static
../Core/Src/main.c:483:13:MX_UCPD1_Init	32	static
../Core/Src/main.c:525:13:MX_USB_PCD_Init	8	static
../Core/Src/main.c:558:13:MX_GPIO_Init	64	static
../Core/Src/main.c:705:6:HAL_TIM_PeriodElapsedCallback	16	static
../Core/Src/main.c:722:6:Error_Handler	4	static,ignoring_inline_asm
