../Drivers/STM32L5xx_HAL_Driver/Inc/stm32l5xx_ll_bus.h:435:22:LL_AHB2_GRP1_EnableClock	24	static
../Drivers/STM32L5xx_HAL_Driver/Inc/stm32l5xx_ll_bus.h:916:22:LL_APB1_GRP2_EnableClock	24	static
../Core/Src/main.c:82:5:main	8	static
../Core/Src/main.c:136:6:SystemClock_Config	104	static
../Core/Src/main.c:195:13:MX_ADC1_Init	48	static
../Core/Src/main.c:262:13:MX_FDCAN1_Init	8	static
../Core/Src/main.c:305:13:MX_ICACHE_Init	8	static
../Core/Src/main.c:337:13:MX_LPUART1_UART_Init	8	static
../Core/Src/main.c:385:13:MX_USART3_UART_Init	8	static
../Core/Src/main.c:433:13:MX_RTC_Init	32	static
../Core/Src/main.c:480:13:MX_UCPD1_Init	32	static
../Core/Src/main.c:522:13:MX_USB_PCD_Init	8	static
../Core/Src/main.c:555:13:MX_GPIO_Init	64	static
../Core/Src/main.c:702:6:HAL_TIM_PeriodElapsedCallback	16	static
../Core/Src/main.c:719:6:Error_Handler	4	static,ignoring_inline_asm
