../Drivers/STM32L5xx_HAL_Driver/Inc/stm32l5xx_ll_utils.h:280:22:LL_InitTick	16	static
../Drivers/STM32L5xx_HAL_Driver/Inc/stm32l5xx_ll_rcc.h:1458:22:LL_RCC_HSE_EnableBypass	4	static
../Drivers/STM32L5xx_HAL_Driver/Inc/stm32l5xx_ll_rcc.h:1468:22:LL_RCC_HSE_DisableBypass	4	static
../Drivers/STM32L5xx_HAL_Driver/Inc/stm32l5xx_ll_rcc.h:1478:22:LL_RCC_HSE_Enable	4	static
../Drivers/STM32L5xx_HAL_Driver/Inc/stm32l5xx_ll_rcc.h:1498:26:LL_RCC_HSE_IsReady	4	static
../Drivers/STM32L5xx_HAL_Driver/Inc/stm32l5xx_ll_rcc.h:1547:22:LL_RCC_HSI_Enable	4	static
../Drivers/STM32L5xx_HAL_Driver/Inc/stm32l5xx_ll_rcc.h:1567:26:LL_RCC_HSI_IsReady	4	static
../Drivers/STM32L5xx_HAL_Driver/Inc/stm32l5xx_ll_rcc.h:1901:22:LL_RCC_MSI_Enable	4	static
../Drivers/STM32L5xx_HAL_Driver/Inc/stm32l5xx_ll_rcc.h:1921:26:LL_RCC_MSI_IsReady	4	static
../Drivers/STM32L5xx_HAL_Driver/Inc/stm32l5xx_ll_rcc.h:1970:26:LL_RCC_MSI_IsEnabledRangeSelect	4	static
../Drivers/STM32L5xx_HAL_Driver/Inc/stm32l5xx_ll_rcc.h:2015:26:LL_RCC_MSI_GetRange	4	static
../Drivers/STM32L5xx_HAL_Driver/Inc/stm32l5xx_ll_rcc.h:2044:26:LL_RCC_MSI_GetRangeAfterStandby	4	static
../Drivers/STM32L5xx_HAL_Driver/Inc/stm32l5xx_ll_rcc.h:2154:22:LL_RCC_SetSysClkSource	16	static
../Drivers/STM32L5xx_HAL_Driver/Inc/stm32l5xx_ll_rcc.h:2168:26:LL_RCC_GetSysClkSource	4	static
../Drivers/STM32L5xx_HAL_Driver/Inc/stm32l5xx_ll_rcc.h:2188:22:LL_RCC_SetAHBPrescaler	16	static
../Drivers/STM32L5xx_HAL_Driver/Inc/stm32l5xx_ll_rcc.h:2204:22:LL_RCC_SetAPB1Prescaler	16	static
../Drivers/STM32L5xx_HAL_Driver/Inc/stm32l5xx_ll_rcc.h:2220:22:LL_RCC_SetAPB2Prescaler	16	static
../Drivers/STM32L5xx_HAL_Driver/Inc/stm32l5xx_ll_rcc.h:2987:22:LL_RCC_PLL_Enable	4	static
../Drivers/STM32L5xx_HAL_Driver/Inc/stm32l5xx_ll_rcc.h:3008:26:LL_RCC_PLL_IsReady	4	static
../Drivers/STM32L5xx_HAL_Driver/Inc/stm32l5xx_ll_rcc.h:3051:22:LL_RCC_PLL_ConfigDomain_SYS	24	static
../Drivers/STM32L5xx_HAL_Driver/Inc/stm32l5xx_ll_rcc.h:3360:22:LL_RCC_PLL_EnableDomain_SYS	4	static
../Drivers/STM32L5xx_HAL_Driver/Inc/stm32l5xx_ll_rcc.h:3412:26:LL_RCC_PLLSAI1_IsReady	4	static
../Drivers/STM32L5xx_HAL_Driver/Inc/stm32l5xx_ll_rcc.h:3813:26:LL_RCC_PLLSAI2_IsReady	4	static
../Drivers/STM32L5xx_HAL_Driver/Inc/stm32l5xx_ll_system.h:1230:22:LL_FLASH_SetLatency	16	static
../Drivers/STM32L5xx_HAL_Driver/Inc/stm32l5xx_ll_system.h:1256:26:LL_FLASH_GetLatency	4	static
../Drivers/STM32L5xx_HAL_Driver/Inc/stm32l5xx_ll_pwr.h:357:26:LL_PWR_GetRegulVoltageScaling	4	static
../Drivers/STM32L5xx_HAL_Driver/Src/stm32l5xx_ll_utils.c:149:6:LL_Init1msTick	16	static
../Drivers/STM32L5xx_HAL_Driver/Src/stm32l5xx_ll_utils.c:165:6:LL_mDelay	24	static
../Drivers/STM32L5xx_HAL_Driver/Src/stm32l5xx_ll_utils.c:239:6:LL_SetSystemCoreClock	16	static
../Drivers/STM32L5xx_HAL_Driver/Src/stm32l5xx_ll_utils.c:253:13:LL_SetFlashLatency	120	static
../Drivers/STM32L5xx_HAL_Driver/Src/stm32l5xx_ll_utils.c:370:13:LL_PLL_ConfigSystemClock_MSI	32	static
../Drivers/STM32L5xx_HAL_Driver/Src/stm32l5xx_ll_utils.c:496:13:LL_PLL_ConfigSystemClock_HSI	32	static
../Drivers/STM32L5xx_HAL_Driver/Src/stm32l5xx_ll_utils.c:577:13:LL_PLL_ConfigSystemClock_HSE	40	static
../Drivers/STM32L5xx_HAL_Driver/Src/stm32l5xx_ll_utils.c:672:17:UTILS_GetPLLOutputFrequency	24	static
../Drivers/STM32L5xx_HAL_Driver/Src/stm32l5xx_ll_utils.c:703:20:UTILS_PLL_IsBusy	16	static
../Drivers/STM32L5xx_HAL_Driver/Src/stm32l5xx_ll_utils.c:740:20:UTILS_EnablePLLAndSwitchSystem	24	static
