../Drivers/STM32L5xx_HAL_Driver/Inc/stm32l5xx_ll_dma.h:651:22:LL_DMA_ConfigTransfer	32	static
../Drivers/STM32L5xx_HAL_Driver/Inc/stm32l5xx_ll_dma.h:1405:22:LL_DMA_SetDataLength	32	static
../Drivers/STM32L5xx_HAL_Driver/Inc/stm32l5xx_ll_dma.h:1496:22:LL_DMA_SetMemoryAddress	32	static
../Drivers/STM32L5xx_HAL_Driver/Inc/stm32l5xx_ll_dma.h:1520:22:LL_DMA_SetPeriphAddress	32	static
../Drivers/STM32L5xx_HAL_Driver/Inc/stm32l5xx_ll_dma.h:1775:22:LL_DMA_SetPeriphRequest	32	static
../Drivers/STM32L5xx_HAL_Driver/Inc/stm32l5xx_ll_dma.h:2265:22:LL_DMA_ClearFlag_GI1	16	static
../Drivers/STM32L5xx_HAL_Driver/Inc/stm32l5xx_ll_dma.h:2276:22:LL_DMA_ClearFlag_GI2	16	static
../Drivers/STM32L5xx_HAL_Driver/Inc/stm32l5xx_ll_dma.h:2287:22:LL_DMA_ClearFlag_GI3	16	static
../Drivers/STM32L5xx_HAL_Driver/Inc/stm32l5xx_ll_dma.h:2298:22:LL_DMA_ClearFlag_GI4	16	static
../Drivers/STM32L5xx_HAL_Driver/Inc/stm32l5xx_ll_dma.h:2309:22:LL_DMA_ClearFlag_GI5	16	static
../Drivers/STM32L5xx_HAL_Driver/Inc/stm32l5xx_ll_dma.h:2320:22:LL_DMA_ClearFlag_GI6	16	static
../Drivers/STM32L5xx_HAL_Driver/Inc/stm32l5xx_ll_dma.h:2331:22:LL_DMA_ClearFlag_GI7	16	static
../Drivers/STM32L5xx_HAL_Driver/Inc/stm32l5xx_ll_dma.h:2342:22:LL_DMA_ClearFlag_GI8	16	static
../Drivers/STM32L5xx_HAL_Driver/Inc/stm32l5xx_ll_bus.h:299:22:LL_AHB1_GRP1_ForceReset	16	static
../Drivers/STM32L5xx_HAL_Driver/Inc/stm32l5xx_ll_bus.h:322:22:LL_AHB1_GRP1_ReleaseReset	16	static
../Drivers/STM32L5xx_HAL_Driver/Src/stm32l5xx_ll_dma.c:133:13:LL_DMA_DeInit	24	static
../Drivers/STM32L5xx_HAL_Driver/Src/stm32l5xx_ll_dma.c:261:13:LL_DMA_Init	24	static
../Drivers/STM32L5xx_HAL_Driver/Src/stm32l5xx_ll_dma.c:333:6:LL_DMA_StructInit	16	static
